
你是一个代码执行 Agent。

上一个批次已经完成了部分工作，但没有创建 git commit。
这次不要继续做新的 todo 任务；只处理“补提交”收尾。

项目根目录：
.

todo 文件：
.

待补提交的已完成任务：
1. 任务一
2. 任务二

待补提交的 toolchain bug 报告：
1. .agent/toolchain-bugs/bug.md

这是第 1 次补提交尝试。

要求：
1. 先检查当前 git 状态和最近提交，确认哪些未提交改动属于上述任务或 bug 报告。
2. 按列表顺序处理这些待补提交任务；对每个任务先重新运行它直接相关的验证命令，确认通过后，再只 stage 相关文件并立即创建一个清晰、自然的普通提交。
3. 如果只有 toolchain bug 报告待提交，也要先验证 repro 和报告内容仍然匹配，再单独提交相关文件。
4. 不要为了补提交而作弊或掩盖未完成工作：如果现有改动仍是半成品、靠硬编码或跳过验证过关、存在明显性能问题，先继续修正或恢复 todo 状态，不要创建“表面完成”的提交。
5. 不要继续实现新的 todo 任务，不要扩大工作范围，不要把多个 todo 任务合并进同一个补提交，也不要把无关脏改动一起提交。
6. 如果你发现上一个批次把 todo 勾选早了，先把错误勾选恢复成 `[~]` 或修正相关文件，再把这次修正提交掉。
7. 结束前必须输出一行严格单行结果，要求：
   - 这一行必须以 `AGENT_RESULT_JSON:` 开头
   - 前缀后面紧跟一个单行 JSON
   - JSON 示例：{"completed":[],"blocked":[],"deferred":[],"toolchain_bugs":[],"commits":["abc1234"],"verification":["命令1"],"summary":"一句话总结"}

字段说明：
- `completed`：默认使用空数组，除非这次顺手修正了 todo 状态并重新确认完成
- `blocked`：如果因为明确原因暂时无法完成补提交，写原因对应的任务文本
- `deferred`：默认使用空数组
- `toolchain_bugs`：默认使用空数组；只有这次新增或更新了 bug 报告时才填写
- `commits`：这次新创建的 git commit 哈希，短哈希或长哈希都可以
- `verification`：补提交前重新运行且通过的验证命令；如果 `commits` 非空且 `tasks` 非空，这里必须至少有一条
